<html>
<body>
<pre>
<h1>µVision Build Log</h1>
<h2>Tool Versions:</h2>
IDE-Version: µVision V5.34.0.0
Copyright (C) 2021 ARM Ltd and ARM Germany GmbH. All rights reserved.
License Information: negar mahmoodi, mdmdm, LIC=CZLZX-HRWQN-CX3U6-DDHJJ-4QU62-AI0LK
 
Tool Versions:
Toolchain:       MDK-ARM Plus  Version: 5.34.0.0
Toolchain Path:  C:\Keil_v5\ARM\ARMCC\Bin
C Compiler:      Armcc.exe V5.06 update 7 (build 960)
Assembler:       Armasm.exe V5.06 update 7 (build 960)
Linker/Locator:  ArmLink.exe V5.06 update 7 (build 960)
Library Manager: ArmAr.exe V5.06 update 7 (build 960)
Hex Converter:   FromElf.exe V5.06 update 7 (build 960)
CPU DLL:         SARMCM3.DLL V5.34.0.0
Dialog DLL:      DCM.DLL V1.17.3.0
Target DLL:      STLink\ST-LINKIII-KEIL_SWO.dll V3.0.8.0
Dialog DLL:      TCM.DLL V1.48.0.0
 
<h2>Project:</h2>
C:\Users\persian\Desktop\ARM\LCD_74HC595\MDK-ARM\LCD_74HC595.uvprojx
Project File Date:  07/04/2025

<h2>Output:</h2>
*** Using Compiler 'V5.06 update 7 (build 960)', folder: 'C:\Keil_v5\ARM\ARMCC\Bin'
Rebuild target 'LCD_74HC595'
assembling startup_stm32f103xb.s...
compiling stm32f1xx_hal_msp.c...
compiling stm32f1xx_it.c...
compiling main.c...
compiling stm32f1xx_hal_gpio_ex.c...
compiling stm32f1xx_hal.c...
compiling stm32f1xx_hal_spi.c...
compiling stm32f1xx_hal_rcc_ex.c...
compiling stm32f1xx_hal_gpio.c...
compiling stm32f1xx_hal_rcc.c...
compiling stm32f1xx_hal_dma.c...
compiling stm32f1xx_hal_cortex.c...
compiling stm32f1xx_hal_pwr.c...
compiling stm32f1xx_hal_exti.c...
compiling stm32f1xx_hal_flash_ex.c...
compiling stm32f1xx_hal_flash.c...
compiling system_stm32f1xx.c...
compiling STM_MY_LCD16X2.c...
..\Core\Src\STM_MY_LCD16X2.c(303): warning:  #223-D: function "sprintf" declared implicitly
  	sprintf(numStr,"%d", number);
..\Core\Src\STM_MY_LCD16X2.c(310): warning:  #223-D: function "sprintf" declared implicitly
  	sprintf(numStr,"%.*f",decimalPoints, number);
..\Core\Src\STM_MY_LCD16X2.c(6): warning:  #177-D: variable "PORT_RS_and_E"  was declared but never referenced
  static GPIO_TypeDef* PORT_RS_and_E;							  // RS and E PORT
..\Core\Src\STM_MY_LCD16X2.c(7): warning:  #177-D: variable "PIN_RS"  was declared but never referenced
  static uint16_t PIN_RS, PIN_E;									  // RS and E pins
..\Core\Src\STM_MY_LCD16X2.c(7): warning:  #177-D: variable "PIN_E"  was declared but never referenced
  static uint16_t PIN_RS, PIN_E;									  // RS and E pins
..\Core\Src\STM_MY_LCD16X2.c(8): warning:  #177-D: variable "PORT_MSB"  was declared but never referenced
  static GPIO_TypeDef* PORT_MSB;										// MSBs D5, D6, D7 and D8 PORT
..\Core\Src\STM_MY_LCD16X2.c(9): warning:  #177-D: variable "D4_PIN"  was declared but never referenced
  static uint16_t D4_PIN, D5_PIN, D6_PIN, D7_PIN;	// MSBs D5, D6, D7 and D8 pins
..\Core\Src\STM_MY_LCD16X2.c(9): warning:  #177-D: variable "D5_PIN"  was declared but never referenced
  static uint16_t D4_PIN, D5_PIN, D6_PIN, D7_PIN;	// MSBs D5, D6, D7 and D8 pins
..\Core\Src\STM_MY_LCD16X2.c(9): warning:  #177-D: variable "D6_PIN"  was declared but never referenced
  static uint16_t D4_PIN, D5_PIN, D6_PIN, D7_PIN;	// MSBs D5, D6, D7 and D8 pins
..\Core\Src\STM_MY_LCD16X2.c(9): warning:  #177-D: variable "D7_PIN"  was declared but never referenced
  static uint16_t D4_PIN, D5_PIN, D6_PIN, D7_PIN;	// MSBs D5, D6, D7 and D8 pins
..\Core\Src\STM_MY_LCD16X2.c: 10 warnings, 0 errors
linking...
Program Size: Code=5076 RO-data=312 RW-data=20 ZI-data=1724  
FromELF: creating hex file...
"LCD_74HC595\LCD_74HC595.axf" - 0 Error(s), 10 Warning(s).

<h2>Software Packages used:</h2>

Package Vendor: ARM
                http://www.keil.com/pack/ARM.CMSIS.5.9.0.pack
                ARM.CMSIS.5.9.0
                CMSIS (Common Microcontroller Software Interface Standard)
   * Component: CORE Version: 5.6.0

Package Vendor: Keil
                https://www.keil.com/pack/Keil.STM32F1xx_DFP.2.4.1.pack
                Keil.STM32F1xx_DFP.2.4.1
                STMicroelectronics STM32F1 Series Device Support, Drivers and Examples

<h2>Collection of Component include folders:</h2>
  .\RTE\_LCD_74HC595
  C:\Users\persian\AppData\Local\Arm\Packs\ARM\CMSIS\5.9.0\CMSIS\Core\Include
  C:\Users\persian\AppData\Local\Arm\Packs\Keil\STM32F1xx_DFP\2.4.1\Device\Include

<h2>Collection of Component Files used:</h2>

   * Component: ARM::CMSIS:CORE:5.6.0
      Include file:  CMSIS\Core\Include\tz_context.h
Build Time Elapsed:  00:00:26
</pre>
</body>
</html>
